---
source: rasn-compiler/src/linker/unnest.rs
expression: "test_sequence.unnest(id, ())"
---
Some(
    [
        Unnested {
            id: SymbolId {
                module_reference: "test-module",
                type_reference: "Test",
                scope: Local(
                    "m0",
                ),
            },
            assignment: Assignment::Type(
                TypeAssignment {
                    comments: "",
                    tag: None,
                    name: "test-module.Test.m0",
                    ty: ASN1Type::Choice(
                        Choice {
                            extensible: None,
                            options: [
                                ChoiceOption {
                                    name: "o0",
                                    tag: None,
                                    ty: ASN1Type::Boolean(
                                        Boolean {
                                            constraints: [],
                                        },
                                    ),
                                    constraints: [],
                                    is_recursive: false,
                                },
                                ChoiceOption {
                                    name: "o1",
                                    tag: None,
                                    ty: ASN1Type::ElsewhereDeclaredType(
                                        DeclarationElsewhere {
                                            parent: None,
                                            identifier: DefinedType::TypeReference(
                                                "test-module.Test.m0.o1",
                                            ),
                                            constraints: [],
                                        },
                                    ),
                                    constraints: [],
                                    is_recursive: false,
                                },
                            ],
                            constraints: [],
                        },
                    ),
                    parameterization: None,
                    module_header: None,
                },
            ),
        },
        Unnested {
            id: SymbolId {
                module_reference: "test-module",
                type_reference: "Test",
                scope: Local(
                    "m1",
                ),
            },
            assignment: Assignment::Type(
                TypeAssignment {
                    comments: "",
                    tag: None,
                    name: "test-module.Test.m1",
                    ty: ASN1Type::SetOf(
                        SequenceOrSetOf {
                            constraints: [],
                            element_type: ASN1Type::Null,
                            element_tag: None,
                            is_recursive: false,
                        },
                    ),
                    parameterization: None,
                    module_header: None,
                },
            ),
        },
        Unnested {
            id: SymbolId {
                module_reference: "test-module",
                type_reference: "Test",
                scope: Local(
                    "m2",
                ),
            },
            assignment: Assignment::Type(
                TypeAssignment {
                    comments: "",
                    tag: None,
                    name: "test-module.Test.m2",
                    ty: ASN1Type::Sequence(
                        SequenceOrSet {
                            components_of: [],
                            extensible: None,
                            constraints: [],
                            members: [
                                SequenceOrSetMember {
                                    name: "m0",
                                    tag: None,
                                    ty: ASN1Type::ElsewhereDeclaredType(
                                        DeclarationElsewhere {
                                            parent: None,
                                            identifier: DefinedType::TypeReference(
                                                "test-module.Test.m2.m0",
                                            ),
                                            constraints: [],
                                        },
                                    ),
                                    optionality: Required,
                                    is_recursive: false,
                                    constraints: [],
                                },
                            ],
                        },
                    ),
                    parameterization: None,
                    module_header: None,
                },
            ),
        },
        Unnested {
            id: SymbolId {
                module_reference: "test-module",
                type_reference: "Test",
                scope: Local(
                    "m0.o1",
                ),
            },
            assignment: Assignment::Type(
                TypeAssignment {
                    comments: "",
                    tag: None,
                    name: "test-module.Test.m0.o1",
                    ty: ASN1Type::Integer(
                        Integer {
                            constraints: [
                                Constraint::Subtype(
                                    ElementSetSpecs {
                                        set: ElementOrSetOperation::Element(
                                            SubtypeElements::ValueRange {
                                                min: Some(
                                                    ASN1Value::Integer(
                                                        1,
                                                    ),
                                                ),
                                                max: Some(
                                                    ASN1Value::Integer(
                                                        4,
                                                    ),
                                                ),
                                                extensible: false,
                                            },
                                        ),
                                        extensible: false,
                                    },
                                ),
                            ],
                            distinguished_values: None,
                        },
                    ),
                    parameterization: None,
                    module_header: None,
                },
            ),
        },
        Unnested {
            id: SymbolId {
                module_reference: "test-module",
                type_reference: "Test",
                scope: Local(
                    "m2.m0",
                ),
            },
            assignment: Assignment::Type(
                TypeAssignment {
                    comments: "",
                    tag: None,
                    name: "test-module.Test.m2.m0",
                    ty: ASN1Type::Sequence(
                        SequenceOrSet {
                            components_of: [],
                            extensible: None,
                            constraints: [],
                            members: [
                                SequenceOrSetMember {
                                    name: "m0",
                                    tag: None,
                                    ty: ASN1Type::Boolean(
                                        Boolean {
                                            constraints: [],
                                        },
                                    ),
                                    optionality: Required,
                                    is_recursive: false,
                                    constraints: [],
                                },
                                SequenceOrSetMember {
                                    name: "m1",
                                    tag: None,
                                    ty: ASN1Type::ElsewhereDeclaredType(
                                        DeclarationElsewhere {
                                            parent: None,
                                            identifier: DefinedType::TypeReference(
                                                "test-module.Test.m2.m0.m1",
                                            ),
                                            constraints: [],
                                        },
                                    ),
                                    optionality: Required,
                                    is_recursive: false,
                                    constraints: [],
                                },
                            ],
                        },
                    ),
                    parameterization: None,
                    module_header: None,
                },
            ),
        },
        Unnested {
            id: SymbolId {
                module_reference: "test-module",
                type_reference: "Test",
                scope: Local(
                    "m2.m0.m1",
                ),
            },
            assignment: Assignment::Type(
                TypeAssignment {
                    comments: "",
                    tag: None,
                    name: "test-module.Test.m2.m0.m1",
                    ty: ASN1Type::BitString(
                        BitString {
                            constraints: [
                                Constraint::Subtype(
                                    ElementSetSpecs {
                                        set: ElementOrSetOperation::Element(
                                            SubtypeElements::SizeConstraint(
                                                ElementOrSetOperation::Element(
                                                    SubtypeElements::SingleValue {
                                                        value: ASN1Value::Integer(
                                                            3,
                                                        ),
                                                        extensible: false,
                                                    },
                                                ),
                                            ),
                                        ),
                                        extensible: false,
                                    },
                                ),
                            ],
                            distinguished_values: None,
                        },
                    ),
                    parameterization: None,
                    module_header: None,
                },
            ),
        },
    ],
)
