---
source: rasn-compiler/src/linker/unnest.rs
expression: test_obj
---
Assignment::Object(
    ObjectOrObjectSetAssignment {
        comments: "",
        name: "Test",
        parameterization: None,
        class: ClassLink::ByName(
            "TEST-CLASS",
        ),
        value: ASN1Information::ObjectSet(
            ObjectSet {
                values: [
                    ObjectSetValue::Reference(
                        "test-module.Test.0",
                    ),
                ],
                extensible: None,
            },
        ),
        module_header: None,
    },
)
